Detect secrets...........................................................Failed
- hook id: detect-secrets
- exit code: 1

Potential secrets about to be committed to git repo! Please rectify.

Secret Type: Hex High Entropy String
Location:    examples/notebooks/algorithms/rad.ipynb:471

Secret Type: Hex High Entropy String
Location:    examples/notebooks/algorithms/rad.ipynb:485

Secret Type: Hex High Entropy String
Location:    examples/notebooks/algorithms/rad.ipynb:575

Secret Type: Hex High Entropy String
Location:    examples/notebooks/algorithms/rad.ipynb:786

Secret Type: Hex High Entropy String
Location:    examples/notebooks/algorithms/rad.ipynb:800

Secret Type: Hex High Entropy String
Location:    examples/notebooks/algorithms/rad.ipynb:877

Secret Type: Hex High Entropy String
Location:    examples/notebooks/algorithms/rad.ipynb:1572

Secret Type: Hex High Entropy String
Location:    examples/notebooks/algorithms/rad.ipynb:1586

Secret Type: Hex High Entropy String
Location:    examples/notebooks/algorithms/rad.ipynb:1600

Secret Type: Hex High Entropy String
Location:    examples/notebooks/algorithms/rad.ipynb:1614

Secret Type: Hex High Entropy String
Location:    examples/notebooks/algorithms/rad.ipynb:1775

Secret Type: Hex High Entropy String
Location:    examples/notebooks/algorithms/rad.ipynb:2303

Secret Type: Hex High Entropy String
Location:    examples/notebooks/algorithms/rad.ipynb:2317

Secret Type: Hex High Entropy String
Location:    examples/notebooks/algorithms/rad.ipynb:2331

Secret Type: Hex High Entropy String
Location:    examples/notebooks/algorithms/rad.ipynb:2394

Secret Type: Hex High Entropy String
Location:    examples/notebooks/algorithms/rad.ipynb:2408

Secret Type: Hex High Entropy String
Location:    examples/notebooks/algorithms/rad.ipynb:2658

Secret Type: Hex High Entropy String
Location:    examples/notebooks/algorithms/rad.ipynb:2720

Secret Type: Hex High Entropy String
Location:    examples/notebooks/algorithms/rad.ipynb:2734

Secret Type: Base64 High Entropy String
Location:    examples/notebooks/algorithms/rad.ipynb:700

Secret Type: Base64 High Entropy String
Location:    examples/notebooks/algorithms/rad.ipynb:1486

Secret Type: Base64 High Entropy String
Location:    examples/notebooks/algorithms/rad.ipynb:2041

Secret Type: Base64 High Entropy String
Location:    examples/notebooks/algorithms/rad.ipynb:2107

Secret Type: Base64 High Entropy String
Location:    examples/notebooks/algorithms/rad.ipynb:2187

Possible mitigations:

  - Mark false positives with an inline `pragma: allowlist secret`
    comment
  - Commit with `--no-verify` if this is a one-time false positive

If a secret has already been committed, visit
https://help.github.com/articles/removing-sensitive-data-from-a-
repository
Potential secrets about to be committed to git repo! Please rectify.

Secret Type: Hex High Entropy String
Location:    examples/notebooks/studies/instruction_following/instruction_following.ipynb:1321

Secret Type: Hex High Entropy String
Location:    examples/notebooks/studies/instruction_following/instruction_following.ipynb:1335

Secret Type: Hex High Entropy String
Location:    examples/notebooks/studies/instruction_following/instruction_following.ipynb:2114

Secret Type: Hex High Entropy String
Location:    examples/notebooks/studies/instruction_following/instruction_following.ipynb:2128

Secret Type: Hex High Entropy String
Location:    examples/notebooks/studies/instruction_following/instruction_following.ipynb:2142

Secret Type: Hex High Entropy String
Location:    examples/notebooks/studies/instruction_following/instruction_following.ipynb:2156

Secret Type: Hex High Entropy String
Location:    examples/notebooks/studies/instruction_following/instruction_following.ipynb:2170

Secret Type: Hex High Entropy String
Location:    examples/notebooks/studies/instruction_following/instruction_following.ipynb:2184

Secret Type: Hex High Entropy String
Location:    examples/notebooks/studies/instruction_following/instruction_following.ipynb:2198

Secret Type: Hex High Entropy String
Location:    examples/notebooks/studies/instruction_following/instruction_following.ipynb:2212

Secret Type: Hex High Entropy String
Location:    examples/notebooks/studies/instruction_following/instruction_following.ipynb:2226

Secret Type: Hex High Entropy String
Location:    examples/notebooks/studies/instruction_following/instruction_following.ipynb:2240

Secret Type: Hex High Entropy String
Location:    examples/notebooks/studies/instruction_following/instruction_following.ipynb:3840

Secret Type: Hex High Entropy String
Location:    examples/notebooks/studies/instruction_following/instruction_following.ipynb:3893

Secret Type: Hex High Entropy String
Location:    examples/notebooks/studies/instruction_following/instruction_following.ipynb:3946

Secret Type: Hex High Entropy String
Location:    examples/notebooks/studies/instruction_following/instruction_following.ipynb:3972

Secret Type: Hex High Entropy String
Location:    examples/notebooks/studies/instruction_following/instruction_following.ipynb:3998

Secret Type: Hex High Entropy String
Location:    examples/notebooks/studies/instruction_following/instruction_following.ipynb:4016

Secret Type: Hex High Entropy String
Location:    examples/notebooks/studies/instruction_following/instruction_following.ipynb:4069

Secret Type: Hex High Entropy String
Location:    examples/notebooks/studies/instruction_following/instruction_following.ipynb:4087

Secret Type: Hex High Entropy String
Location:    examples/notebooks/studies/instruction_following/instruction_following.ipynb:4140

Secret Type: Hex High Entropy String
Location:    examples/notebooks/studies/instruction_following/instruction_following.ipynb:4156

Secret Type: Hex High Entropy String
Location:    examples/notebooks/studies/instruction_following/instruction_following.ipynb:4222

Secret Type: Hex High Entropy String
Location:    examples/notebooks/studies/instruction_following/instruction_following.ipynb:4240

Secret Type: Hex High Entropy String
Location:    examples/notebooks/studies/instruction_following/instruction_following.ipynb:4266

Secret Type: Hex High Entropy String
Location:    examples/notebooks/studies/instruction_following/instruction_following.ipynb:4313

Secret Type: Hex High Entropy String
Location:    examples/notebooks/studies/instruction_following/instruction_following.ipynb:4366

Secret Type: Hex High Entropy String
Location:    examples/notebooks/studies/instruction_following/instruction_following.ipynb:4419

Secret Type: Hex High Entropy String
Location:    examples/notebooks/studies/instruction_following/instruction_following.ipynb:4442

Secret Type: Hex High Entropy String
Location:    examples/notebooks/studies/instruction_following/instruction_following.ipynb:4495

Secret Type: Hex High Entropy String
Location:    examples/notebooks/studies/instruction_following/instruction_following.ipynb:4518

Secret Type: Hex High Entropy String
Location:    examples/notebooks/studies/instruction_following/instruction_following.ipynb:4561

Secret Type: Hex High Entropy String
Location:    examples/notebooks/studies/instruction_following/instruction_following.ipynb:4604

Secret Type: Hex High Entropy String
Location:    examples/notebooks/studies/instruction_following/instruction_following.ipynb:4681

Secret Type: Hex High Entropy String
Location:    examples/notebooks/studies/instruction_following/instruction_following.ipynb:4734

Secret Type: Hex High Entropy String
Location:    examples/notebooks/studies/instruction_following/instruction_following.ipynb:4787

Secret Type: Hex High Entropy String
Location:    examples/notebooks/studies/instruction_following/instruction_following.ipynb:4840

Secret Type: Hex High Entropy String
Location:    examples/notebooks/studies/instruction_following/instruction_following.ipynb:4893

Secret Type: Hex High Entropy String
Location:    examples/notebooks/studies/instruction_following/instruction_following.ipynb:4946

Secret Type: Hex High Entropy String
Location:    examples/notebooks/studies/instruction_following/instruction_following.ipynb:4999

Secret Type: Hex High Entropy String
Location:    examples/notebooks/studies/instruction_following/instruction_following.ipynb:5025

Secret Type: Hex High Entropy String
Location:    examples/notebooks/studies/instruction_following/instruction_following.ipynb:5051

Secret Type: Hex High Entropy String
Location:    examples/notebooks/studies/instruction_following/instruction_following.ipynb:5069

Secret Type: Hex High Entropy String
Location:    examples/notebooks/studies/instruction_following/instruction_following.ipynb:5122

Secret Type: Hex High Entropy String
Location:    examples/notebooks/studies/instruction_following/instruction_following.ipynb:5138

Secret Type: Hex High Entropy String
Location:    examples/notebooks/studies/instruction_following/instruction_following.ipynb:5191

Secret Type: Hex High Entropy String
Location:    examples/notebooks/studies/instruction_following/instruction_following.ipynb:5207

Secret Type: Hex High Entropy String
Location:    examples/notebooks/studies/instruction_following/instruction_following.ipynb:5230

Secret Type: Hex High Entropy String
Location:    examples/notebooks/studies/instruction_following/instruction_following.ipynb:5248

Secret Type: Hex High Entropy String
Location:    examples/notebooks/studies/instruction_following/instruction_following.ipynb:5274

Secret Type: Hex High Entropy String
Location:    examples/notebooks/studies/instruction_following/instruction_following.ipynb:5327

Secret Type: Hex High Entropy String
Location:    examples/notebooks/studies/instruction_following/instruction_following.ipynb:5350

Secret Type: Hex High Entropy String
Location:    examples/notebooks/studies/instruction_following/instruction_following.ipynb:5403

Secret Type: Hex High Entropy String
Location:    examples/notebooks/studies/instruction_following/instruction_following.ipynb:5456

Secret Type: Hex High Entropy String
Location:    examples/notebooks/studies/instruction_following/instruction_following.ipynb:5474

Secret Type: Hex High Entropy String
Location:    examples/notebooks/studies/instruction_following/instruction_following.ipynb:5492

Secret Type: Hex High Entropy String
Location:    examples/notebooks/studies/instruction_following/instruction_following.ipynb:5545

Secret Type: Hex High Entropy String
Location:    examples/notebooks/studies/instruction_following/instruction_following.ipynb:5598

Secret Type: Hex High Entropy String
Location:    examples/notebooks/studies/instruction_following/instruction_following.ipynb:5616

Secret Type: Hex High Entropy String
Location:    examples/notebooks/studies/instruction_following/instruction_following.ipynb:5639

Secret Type: Hex High Entropy String
Location:    examples/notebooks/studies/instruction_following/instruction_following.ipynb:5712

Secret Type: Hex High Entropy String
Location:    examples/notebooks/studies/instruction_following/instruction_following.ipynb:5730

Secret Type: Hex High Entropy String
Location:    examples/notebooks/studies/instruction_following/instruction_following.ipynb:5753

Secret Type: Hex High Entropy String
Location:    examples/notebooks/studies/instruction_following/instruction_following.ipynb:5771

Secret Type: Hex High Entropy String
Location:    examples/notebooks/studies/instruction_following/instruction_following.ipynb:5789

Secret Type: Hex High Entropy String
Location:    examples/notebooks/studies/instruction_following/instruction_following.ipynb:5842

Secret Type: Hex High Entropy String
Location:    examples/notebooks/studies/instruction_following/instruction_following.ipynb:5895

Secret Type: Hex High Entropy String
Location:    examples/notebooks/studies/instruction_following/instruction_following.ipynb:5959

Secret Type: Hex High Entropy String
Location:    examples/notebooks/studies/instruction_following/instruction_following.ipynb:5985

Secret Type: Hex High Entropy String
Location:    examples/notebooks/studies/instruction_following/instruction_following.ipynb:6021

Secret Type: Hex High Entropy String
Location:    examples/notebooks/studies/instruction_following/instruction_following.ipynb:6074

Secret Type: Hex High Entropy String
Location:    examples/notebooks/studies/instruction_following/instruction_following.ipynb:6092

Secret Type: Hex High Entropy String
Location:    examples/notebooks/studies/instruction_following/instruction_following.ipynb:6169

Secret Type: Hex High Entropy String
Location:    examples/notebooks/studies/instruction_following/instruction_following.ipynb:6222

Secret Type: Hex High Entropy String
Location:    examples/notebooks/studies/instruction_following/instruction_following.ipynb:6275

Secret Type: Hex High Entropy String
Location:    examples/notebooks/studies/instruction_following/instruction_following.ipynb:6328

Secret Type: Hex High Entropy String
Location:    examples/notebooks/studies/instruction_following/instruction_following.ipynb:6381

Secret Type: Hex High Entropy String
Location:    examples/notebooks/studies/instruction_following/instruction_following.ipynb:6399

Secret Type: Hex High Entropy String
Location:    examples/notebooks/studies/instruction_following/instruction_following.ipynb:6452

Secret Type: Hex High Entropy String
Location:    examples/notebooks/studies/instruction_following/instruction_following.ipynb:6525

Secret Type: Hex High Entropy String
Location:    examples/notebooks/studies/instruction_following/instruction_following.ipynb:6548

Secret Type: Hex High Entropy String
Location:    examples/notebooks/studies/instruction_following/instruction_following.ipynb:6564

Secret Type: Hex High Entropy String
Location:    examples/notebooks/studies/instruction_following/instruction_following.ipynb:6617

Secret Type: Hex High Entropy String
Location:    examples/notebooks/studies/instruction_following/instruction_following.ipynb:6640

Secret Type: Hex High Entropy String
Location:    examples/notebooks/studies/instruction_following/instruction_following.ipynb:6656

Secret Type: Hex High Entropy String
Location:    examples/notebooks/studies/instruction_following/instruction_following.ipynb:6679

Secret Type: Hex High Entropy String
Location:    examples/notebooks/studies/instruction_following/instruction_following.ipynb:6702

Secret Type: Base64 High Entropy String
Location:    examples/notebooks/studies/instruction_following/instruction_following.ipynb:3020

Secret Type: Base64 High Entropy String
Location:    examples/notebooks/studies/instruction_following/instruction_following.ipynb:3106

Secret Type: Base64 High Entropy String
Location:    examples/notebooks/studies/instruction_following/instruction_following.ipynb:3322

Possible mitigations:

  - Mark false positives with an inline `pragma: allowlist secret`
    comment
  - Commit with `--no-verify` if this is a one-time false positive

If a secret has already been committed, visit
https://help.github.com/articles/removing-sensitive-data-from-a-
repository

trim trailing whitespace.................................................Passed
fix end of files.........................................................Passed
check for added large files..............................................Passed
check yaml...............................................................Passed
check toml...............................................................Passed
check for merge conflicts................................................Passed
check for case conflicts.................................................Passed
debug statements (python)................................................Passed
isort (python)...........................................................Passed
